// Jest Snapshot v1, https://goo.gl/fbAQLP

exports[`Render tests Renders Correctly. 1`] = `
<div
  className="tsc-calendar"
>
  <div
    className="tsc-calendar__actions"
  >
    <div
      className="tsc-calendar__action tsc-calendar__action-element tsc-calendar__action-element--left"
      onClick={[Function]}
    >
      ‹
    </div>
    <div
      className="tsc-calendar__action tsc-calendar__action-title"
    >
      June - 2017
    </div>
    <div
      className="tsc-calendar__action tsc-calendar__action-element tsc-calendar__action-element--right"
      onClick={[Function]}
    >
      ›
    </div>
  </div>
  <div
    className="tsc-month"
  >
    <div
      className="tsc-month__actions"
    >
      <div
        className="tsc-month__action tsc-month__action-element tsc-month__action-element--left"
        onClick={[Function]}
      >
        ‹
      </div>
      <div
        className="tsc-month__action tsc-month__action-title"
      >
        4th - 10th
      </div>
      <div
        className="tsc-month__action tsc-month__action-element tsc-month__action-element--right"
        onClick={[Function]}
      >
        ›
      </div>
    </div>
  </div>
</div>
`;
